// Vitest Snapshot v1, https://vitest.dev/guide/snapshot.html

exports[`React Component: Normal Text Typography > Should render correctly 1`] = `
{
  "asFragment": [Function],
  "baseElement": <body>
    <div>
      <article
        class="flex hover:animate-pulse border rounded-lg min-w-full p-5 min-h-10 justify-center"
        style="background-color: rgb(56, 112, 127);"
      >
        <div
          class="flex gap-2 w-full"
        >
          <img
            alt="Test Image"
            class="rounded-lg"
            data-nimg="1"
            decoding="async"
            height="150"
            loading="lazy"
            src="/_next/image?url=https%3A%2F%2Fcdn2.thecatapi.com%2Fimages%2F37.gif&w=384&q=75"
            srcset="/_next/image?url=https%3A%2F%2Fcdn2.thecatapi.com%2Fimages%2F37.gif&w=256&q=75 1x, /_next/image?url=https%3A%2F%2Fcdn2.thecatapi.com%2Fimages%2F37.gif&w=384&q=75 2x"
            style="color: transparent;"
            width="150"
          />
          <div
            class="flex justify-center items-center w-full"
          >
            <p
              class="text-white"
            >
              Name: 
              Boo
            </p>
          </div>
        </div>
      </article>
    </div>
  </body>,
  "container": <div>
    <article
      class="flex hover:animate-pulse border rounded-lg min-w-full p-5 min-h-10 justify-center"
      style="background-color: rgb(56, 112, 127);"
    >
      <div
        class="flex gap-2 w-full"
      >
        <img
          alt="Test Image"
          class="rounded-lg"
          data-nimg="1"
          decoding="async"
          height="150"
          loading="lazy"
          src="/_next/image?url=https%3A%2F%2Fcdn2.thecatapi.com%2Fimages%2F37.gif&w=384&q=75"
          srcset="/_next/image?url=https%3A%2F%2Fcdn2.thecatapi.com%2Fimages%2F37.gif&w=256&q=75 1x, /_next/image?url=https%3A%2F%2Fcdn2.thecatapi.com%2Fimages%2F37.gif&w=384&q=75 2x"
          style="color: transparent;"
          width="150"
        />
        <div
          class="flex justify-center items-center w-full"
        >
          <p
            class="text-white"
          >
            Name: 
            Boo
          </p>
        </div>
      </div>
    </article>
  </div>,
  "debug": [Function],
  "findAllByAltText": [Function],
  "findAllByDisplayValue": [Function],
  "findAllByLabelText": [Function],
  "findAllByPlaceholderText": [Function],
  "findAllByRole": [Function],
  "findAllByTestId": [Function],
  "findAllByText": [Function],
  "findAllByTitle": [Function],
  "findByAltText": [Function],
  "findByDisplayValue": [Function],
  "findByLabelText": [Function],
  "findByPlaceholderText": [Function],
  "findByRole": [Function],
  "findByTestId": [Function],
  "findByText": [Function],
  "findByTitle": [Function],
  "getAllByAltText": [Function],
  "getAllByDisplayValue": [Function],
  "getAllByLabelText": [Function],
  "getAllByPlaceholderText": [Function],
  "getAllByRole": [Function],
  "getAllByTestId": [Function],
  "getAllByText": [Function],
  "getAllByTitle": [Function],
  "getByAltText": [Function],
  "getByDisplayValue": [Function],
  "getByLabelText": [Function],
  "getByPlaceholderText": [Function],
  "getByRole": [Function],
  "getByTestId": [Function],
  "getByText": [Function],
  "getByTitle": [Function],
  "queryAllByAltText": [Function],
  "queryAllByDisplayValue": [Function],
  "queryAllByLabelText": [Function],
  "queryAllByPlaceholderText": [Function],
  "queryAllByRole": [Function],
  "queryAllByTestId": [Function],
  "queryAllByText": [Function],
  "queryAllByTitle": [Function],
  "queryByAltText": [Function],
  "queryByDisplayValue": [Function],
  "queryByLabelText": [Function],
  "queryByPlaceholderText": [Function],
  "queryByRole": [Function],
  "queryByTestId": [Function],
  "queryByText": [Function],
  "queryByTitle": [Function],
  "rerender": [Function],
  "unmount": [Function],
}
`;
